// Jest Snapshot v1, https://goo.gl/fbAQLP

exports[`App renders correctly 1`] = `
<div>
  <h3
    className="title is-3"
  >
    All Articles
  </h3>
</div>
`;
