// Jest Snapshot v1, https://goo.gl/fbAQLP

exports[`ArticleCard Component ArticleCard renders correctly 1`] = `<Connect(ArticleCard) />`;
