// Jest Snapshot v1, https://goo.gl/fbAQLP

exports[`ArticleList Component ArticleList renders correctly 1`] = `<Connect(ArticleList) />`;
