// Jest Snapshot v1, https://goo.gl/fbAQLP

exports[`ArticlePage renders correctly 1`] = `
<h1>
  Article Page
</h1>
`;
