// Jest Snapshot v1, https://goo.gl/fbAQLP

exports[`CommentList Component CommentList renders correctly 1`] = `<Connect(CommentList) />`;
