// Jest Snapshot v1, https://goo.gl/fbAQLP

exports[`DeleteComment Component DeleteComment renders correctly 1`] = `<DeleteComment />`;
