// Jest Snapshot v1, https://goo.gl/fbAQLP

exports[`Footer Component Footer renders correctly 1`] = `<footer />`;
