// Jest Snapshot v1, https://goo.gl/fbAQLP

exports[`FourOhFour renders correctly 1`] = `
<h1>
  404 - Page Not Found
</h1>
`;
