// Jest Snapshot v1, https://goo.gl/fbAQLP

exports[`Header Component Header renders correctly 1`] = `<Header />`;
