// Jest Snapshot v1, https://goo.gl/fbAQLP

exports[`HomePage renders correctly 1`] = `
<h1>
  Home Page (All Articles)
</h1>
`;
