// Jest Snapshot v1, https://goo.gl/fbAQLP

exports[`TopicArticles Component TopicArticles renders correctly 1`] = `<Connect(TopicArticles) />`;
