// Jest Snapshot v1, https://goo.gl/fbAQLP

exports[`TopicHeadings Component TopicHeadings renders correctly 1`] = `<Connect(TopicHeadings) />`;
