// Jest Snapshot v1, https://goo.gl/fbAQLP

exports[`UserNotAuthorised Component UserNotAuthorised renders correctly 1`] = `<UserNotAuthorised />`;
